<html><head>
    <meta charset="utf-8">
    
    <title>scipy.optimize.golden</title>
    
    <link rel="stylesheet" type="text/css" href="../_static/css/spc-bootstrap.css">
    <link rel="stylesheet" type="text/css" href="../_static/css/spc-extend.css">
    <link rel="stylesheet" href="../_static/scipy.css" type="text/css">
    <link rel="stylesheet" href="../_static/pygments.css" type="text/css">
    
    <script type="text/javascript">
      var DOCUMENTATION_OPTIONS = {
        URL_ROOT:    '../',
        VERSION:     '0.16.0',
        COLLAPSE_INDEX: false,
        FILE_SUFFIX: '.html',
        HAS_SOURCE:  false
      };
    </script>
    <script type="text/javascript" src="../_static/jquery.js"></script>
    <script type="text/javascript" src="../_static/underscore.js"></script>
    <script type="text/javascript" src="../_static/doctools.js"></script>
    <script type="text/javascript" src="http://cdn.mathjax.org/mathjax/latest/MathJax.js?config=TeX-AMS-MML_HTMLorMML"></script>
    <script type="text/javascript" src="../_static/js/copybutton.js"></script>
    <link rel="top" title="SciPy v0.16.0 Reference Guide" href="../index.html">
    <link rel="up" title="Optimization and root finding (scipy.optimize)" href="../optimize.html">
    <link rel="next" title="scipy.optimize.leastsq" href="scipy.optimize.leastsq.html">
    <link rel="prev" title="scipy.optimize.brent" href="scipy.optimize.brent.html"> 
  </head>
  <body>

  <div class="container">
    <div class="header">
    </div>
  </div>


    <div class="container">
      <div class="main">
        
	<div class="row-fluid">
	  <div class="span12">
	    <div class="spc-navbar">
              
    <ul class="nav nav-pills pull-left">
	
        <li class="active"><a href="../index.html">SciPy v0.16.0 Reference Guide</a></li>
	
          <li class="active"><a href="../optimize.html" accesskey="U">Optimization and root finding (<tt class="docutils literal"><span class="pre">scipy.optimize</span></tt>)</a></li> 
    </ul>
              
              
    <ul class="nav nav-pills pull-right">
      <li class="active">
        <a href="../genindex.html" title="General Index" accesskey="I">index</a>
      </li>
      <li class="active">
        <a href="../py-modindex.html" title="Python Module Index">modules</a>
      </li>
      <li class="active">
        <a href="../scipy-optimize-modindex.html" title="Python Module Index">modules</a>
      </li>
      <li class="active">
        <a href="scipy.optimize.leastsq.html" title="scipy.optimize.leastsq" accesskey="N">next</a>
      </li>
      <li class="active">
        <a href="scipy.optimize.brent.html" title="scipy.optimize.brent" accesskey="P">previous</a>
      </li>
    </ul>
              
	    </div>
	  </div>
	</div>
        

	<div class="row-fluid">
      <div class="spc-rightsidebar span3">
        <div class="sphinxsidebarwrapper">
            <p class="logo"><a href="../index.html">
              <img class="logo" src="../_static/scipyshiny_small.png" alt="Logo">
            </a></p>
  <h4>Previous topic</h4>
  <p class="topless"><a href="scipy.optimize.brent.html" title="previous chapter">scipy.optimize.brent</a></p>
  <h4>Next topic</h4>
  <p class="topless"><a href="scipy.optimize.leastsq.html" title="next chapter">scipy.optimize.leastsq</a></p>


        </div>
      </div>
          <div class="span9">
            
        <div class="bodywrapper">
          <div class="body" id="spc-section-body">
            
  <div class="section" id="scipy-optimize-golden">
<h1>scipy.optimize.golden<a class="headerlink" href="#scipy-optimize-golden" title="Permalink to this headline">¶</a></h1>
<dl class="function">
<a class="dashAnchor" name="//apple_ref/Function/scipy.optimize.golden"></a><dt id="scipy.optimize.golden">
<tt class="descclassname">scipy.optimize.</tt><tt class="descname">golden</tt><big>(</big><em>func</em>, <em>args=()</em>, <em>brack=None</em>, <em>tol=1.4901161193847656e-08</em>, <em>full_output=0</em><big>)</big><a class="reference external" href="http://github.com/scipy/scipy/blob/v0.16.0/scipy/optimize/optimize.py#L1942"><span class="viewcode-link">[source]</span></a><a class="headerlink" href="#scipy.optimize.golden" title="Permalink to this definition">¶</a></dt>
<dd><p>Return the minimum of a function of one variable.</p>
<p>Given a function of one variable and a possible bracketing interval,
return the minimum of the function isolated to a fractional precision of
tol.</p>
<table class="docutils field-list" frame="void" rules="none">
<colgroup><col class="field-name">
<col class="field-body">
</colgroup><tbody valign="top">
<tr class="field-odd field"><th class="field-name">Parameters:</th><td class="field-body"><p class="first"><strong>func</strong> : callable func(x,*args)</p>
<blockquote>
<div><p>Objective function to minimize.</p>
</div></blockquote>
<p><strong>args</strong> : tuple, optional</p>
<blockquote>
<div><p>Additional arguments (if present), passed to func.</p>
</div></blockquote>
<p><strong>brack</strong> : tuple, optional</p>
<blockquote>
<div><p>Triple (a,b,c), where (a&lt;b&lt;c) and func(b) &lt;
func(a),func(c).  If bracket consists of two numbers (a,
c), then they are assumed to be a starting interval for a
downhill bracket search (see <a class="reference internal" href="scipy.optimize.bracket.html#scipy.optimize.bracket" title="scipy.optimize.bracket"><tt class="xref py py-obj docutils literal"><span class="pre">bracket</span></tt></a>); it doesn’t always
mean that obtained solution will satisfy a&lt;=x&lt;=c.</p>
</div></blockquote>
<p><strong>tol</strong> : float, optional</p>
<blockquote>
<div><p>x tolerance stop criterion</p>
</div></blockquote>
<p><strong>full_output</strong> : bool, optional</p>
<blockquote class="last">
<div><p>If True, return optional outputs.</p>
</div></blockquote>
</td>
</tr>
</tbody>
</table>
<div class="admonition seealso">
<p class="first admonition-title">See also</p>
<dl class="last docutils">
<dt><a class="reference internal" href="scipy.optimize.minimize_scalar.html#scipy.optimize.minimize_scalar" title="scipy.optimize.minimize_scalar"><tt class="xref py py-obj docutils literal"><span class="pre">minimize_scalar</span></tt></a></dt>
<dd>Interface to minimization algorithms for scalar univariate functions. See the ‘Golden’ <em class="xref py py-obj">method</em> in particular.</dd>
</dl>
</div>
<p class="rubric">Notes</p>
<p>Uses analog of bisection method to decrease the bracketed
interval.</p>
</dd></dl>

</div>


          </div>
        </div>
          </div>
        </div>
      </div>
    </div>

    <div class="container container-navbar-bottom">
      <div class="spc-navbar">
        
      </div>
    </div>
    <div class="container">
    <div class="footer">
    <div class="row-fluid">
    <ul class="inline pull-left">
      <li>
        © Copyright 2008-2014, The Scipy community.
      </li>
      <li>
      Last updated on Jul 24, 2015.
      </li>
      <li>
      Created using <a href="http://sphinx.pocoo.org/">Sphinx</a> 1.2.3.
      </li>
    </ul>
    </div>
    </div>
    </div>
  
</body></html>